Generating the hex for the following set of instructions
	   0 - R-Type instructions
	 100 - I-Type instructions
	   0 - J-Type instructions

[0] I Type instr generated - 0x2e695102
PC:00000000	INSTR:2e695102	 SLTIU R9 , R19, 0x5102                            
SLTIU R9, R19, 5102

[1] I Type instr generated - 0x112c0158
PC:00000004	INSTR:112c0158	 BEQ R12, R9 , 0x158                             
BEQ  R12, R9, 158

[2] I Type instr generated - 0x431000d 
PC:00000008	INSTR:0431000d	 BGEZAL R1 , 0x34                              
BGEZAL R17, R1, d

[3] I Type instr generated - 0x8ccc5a32
PC:00000040	INSTR:8ccc5a32	 LW R12, R6 , 0x5a32                            
LW   R12, R6, 5a32

[4] I Type instr generated - 0x1bc200a8
PC:00000044	INSTR:1bc200a8	 BLEZ R30, 0x2a0                             
BLEZ R2, R30, a8

[5] I Type instr generated - 0x6a1ffba 
PC:000002e8	INSTR:06a1ffba	 BGEZ R21, 0x3fee8                           
BGEZ R1, R21, ffffffba

[6] I Type instr generated - 0x2e7964f7
PC:000001d4	INSTR:2e7964f7	 SLTIU R25, R19, 0x64f7                            
SLTIU R25, R19, 64f7

[7] I Type instr generated - 0x4110324 
PC:000001d8	INSTR:04110324	 BGEZAL R0 , 0xc90                             
BGEZAL R17, R0, 324

[8] I Type instr generated - 0x16aefd2c
PC:00000e6c	INSTR:16aefd2c	 BNE R14, R21, 0xfd2c                            
BNE  R14, R21, fffffd2c

[9] I Type instr generated - 0x601fd04 
PC:00000e70	INSTR:0601fd04	 BGEZ R16, 0x3f410                           
BGEZ R1, R16, fffffd04

[10] I Type instr generated - 0x3004dbf3
PC:00000284	INSTR:3004dbf3	 ANDI R4 , R0 , 0xdbf3                            
ANDI R4, R0, dbf3

[11] I Type instr generated - 0xac4d4e71
PC:00000288	INSTR:ac4d4e71	 SW R13, R2 , 0x4e71                            
SW   R13, R2, 4e71

[12] I Type instr generated - 0x276dfd29
PC:0000028c	INSTR:276dfd29	 ADDIU R13, R27, 0xfd29                            
ADDIU R13, R27, fffffd29

[13] I Type instr generated - 0x791002a 
PC:00000290	INSTR:0791002a	 BGEZAL R28, 0xa8                              
BGEZAL R17, R28, 2a

[14] I Type instr generated - 0x760000b 
PC:0000033c	INSTR:0760000b	 BLTZ R27, 0xb                               
BLTZ R0, R27, b

[15] I Type instr generated - 0x385c5b51
PC:00000340	INSTR:385c5b51	 XORI R28, R2 , 0x5b51                            
XORI R28, R2, 5b51

[16] I Type instr generated - 0x254dd165
PC:00000344	INSTR:254dd165	 ADDIU R13, R10, 0xd165                            
ADDIU R13, R10, ffffd165

[17] I Type instr generated - 0x7e1ff55 
PC:00000348	INSTR:07e1ff55	 BGEZ R31, 0x3fd54                           
BGEZ R1, R31, ffffff55

[18] I Type instr generated - 0x6510333 
PC:000000a0	INSTR:06510333	 BGEZAL R18, 0xccc                             
BGEZAL R17, R18, 333

[19] I Type instr generated - 0x108cfd00
PC:00000d70	INSTR:108cfd00	 BEQ R12, R4 , 0xfd00                            
BEQ  R12, R4, fffffd00

[20] I Type instr generated - 0x7e1fdc4 
PC:00000d74	INSTR:07e1fdc4	 BGEZ R31, 0x3f710                           
BGEZ R1, R31, fffffdc4

[21] I Type instr generated - 0x22bb9c22
PC:00000488	INSTR:22bb9c22	 ADDI R27, R21, 0x9c22                            
ADDI R27, R21, ffff9c22

[22] I Type instr generated - 0x690ff9a 
PC:0000048c	INSTR:0690ff9a	 BLTZAL R20, 0xff9a                            
BLTZAL R16, R20, ffffff9a

[23] I Type instr generated - 0x750ffa1 
PC:00000490	INSTR:0750ffa1	 BLTZAL R26, 0xffa1                            
BLTZAL R16, R26, ffffffa1

[24] I Type instr generated - 0x27c3b6db
PC:00000494	INSTR:27c3b6db	 ADDIU R3 , R30, 0xb6db                            
ADDIU R3, R30, ffffb6db

[25] I Type instr generated - 0x8d6173c3
PC:00000498	INSTR:8d6173c3	 LW R1 , R11, 0x73c3                            
LW   R1, R11, 73c3

[26] I Type instr generated - 0x146cff13
PC:0000049c	INSTR:146cff13	 BNE R12, R3 , 0x3fc4c                           
BNE  R12, R3, ffffff13

[27] I Type instr generated - 0x2c5f8da3
PC:000000ec	INSTR:2c5f8da3	 SLTIU R31, R2 , 0xffff8da3                        
SLTIU R31, R2, ffff8da3

[28] I Type instr generated - 0x5c10019 
PC:000000f0	INSTR:05c10019	 BGEZ R14, 0x64                              
BGEZ R1, R14, 19

[29] I Type instr generated - 0x5d10208 
PC:00000158	INSTR:05d10208	 BGEZAL R14, 0x820                             
BGEZAL R17, R14, 208

[30] I Type instr generated - 0x36dd994a
PC:0000097c	INSTR:36dd994a	 ORI R29, R22, 0x994a                            
ORI  R29, R22, 994a

[31] I Type instr generated - 0x6410104 
PC:00000980	INSTR:06410104	 BGEZ R18, 0x410                             
BGEZ R1, R18, 104

[32] I Type instr generated - 0x286c81af
PC:00000d94	INSTR:286c81af	 SLTI R12, R3 , 0xffff81af                        
SLTI R12, R3, ffff81af

[33] I Type instr generated - 0x221c9d0b
PC:00000d98	INSTR:221c9d0b	 ADDI R28, R16, 0x9d0b                            
ADDI R28, R16, ffff9d0b

[34] I Type instr generated - 0x1b94fd71
PC:00000d9c	INSTR:1b94fd71	 BLEZ R28, 0x3f5c4                           
BLEZ R20, R28, fffffd71

[35] I Type instr generated - 0x36e55a4e
PC:00000364	INSTR:36e55a4e	 ORI R5 , R23, 0x5a4e                            
ORI  R5, R23, 5a4e

[36] I Type instr generated - 0x177c0275
PC:00000368	INSTR:177c0275	 BNE R28, R27, 0x9d4                             
BNE  R28, R27, 275

[37] I Type instr generated - 0x1a670064
PC:00000d40	INSTR:1a670064	 BLEZ R19, 0x190                             
BLEZ R7, R19, 64

[38] I Type instr generated - 0x2db6fc37
PC:00000ed4	INSTR:2db6fc37	 SLTIU R22, R13, 0xfffffc37                        
SLTIU R22, R13, fffffc37

[39] I Type instr generated - 0x242c8bd6
PC:00000ed8	INSTR:242c8bd6	 ADDIU R12, R1 , 0x8bd6                            
ADDIU R12, R1, ffff8bd6

[40] I Type instr generated - 0x333447e3
PC:00000edc	INSTR:333447e3	 ANDI R20, R25, 0x47e3                            
ANDI R20, R25, 47e3

[41] I Type instr generated - 0x6f1fc71 
PC:00000ee0	INSTR:06f1fc71	 BGEZAL R23, 0x3f1c4                           
BGEZAL R17, R23, fffffc71

[42] I Type instr generated - 0x2cff7bb6
PC:000000a8	INSTR:2cff7bb6	 SLTIU R31, R7 , 0x7bb6                            
SLTIU R31, R7, 7bb6

[43] I Type instr generated - 0x18da000b
PC:000000ac	INSTR:18da000b	 BLEZ R6 , 0x2c                              
BLEZ R26, R6, b

[44] I Type instr generated - 0x7d1001f 
PC:000000dc	INSTR:07d1001f	 BGEZAL R30, 0x7c                              
BGEZAL R17, R30, 1f

[45] I Type instr generated - 0x34fa89f9
PC:0000015c	INSTR:34fa89f9	 ORI R26, R7 , 0x89f9                            
ORI  R26, R7, 89f9

[46] I Type instr generated - 0x317cac4e
PC:00000160	INSTR:317cac4e	 ANDI R28, R11, 0xac4e                            
ANDI R28, R11, ac4e

[47] I Type instr generated - 0x4b0011a 
PC:00000164	INSTR:04b0011a	 BLTZAL R5 , 0x11a                             
BLTZAL R16, R5, 11a

[48] I Type instr generated - 0x4d000b4 
PC:00000168	INSTR:04d000b4	 BLTZAL R6 , 0xb4                              
BLTZAL R16, R6, b4

[49] I Type instr generated - 0x2a32d097
PC:0000016c	INSTR:2a32d097	 SLTI R18, R17, 0xffffd097                        
SLTI R18, R17, ffffd097

[50] I Type instr generated - 0x8c4845c3
PC:00000170	INSTR:8c4845c3	 LW R8 , R2 , 0x45c3                            
LW   R8, R2, 45c3

[51] I Type instr generated - 0x1c760286
PC:00000174	INSTR:1c760286	 BGTZ R3 , 0x286                             
BGTZ R22, R3, 286

[52] I Type instr generated - 0x1bab0309
PC:00000178	INSTR:1bab0309	 BLEZ R29, 0x309                             
BLEZ R11, R29, 309

[53] I Type instr generated - 0x7d102e1 
PC:0000017c	INSTR:07d102e1	 BGEZAL R30, 0xb84                             
BGEZAL R17, R30, 2e1

[54] I Type instr generated - 0x601fee0 
PC:00000d04	INSTR:0601fee0	 BGEZ R16, 0x3fb80                           
BGEZ R1, R16, fffffee0

[55] I Type instr generated - 0x5a0fe6e 
PC:00000888	INSTR:05a0fe6e	 BLTZ R13, 0x3f9b8                           
BLTZ R0, R13, fffffe6e

[56] I Type instr generated - 0x23e3db73
PC:00000244	INSTR:23e3db73	 ADDI R3 , R31, 0xdb73                            
ADDI R3, R31, ffffdb73

[57] I Type instr generated - 0x1bd302a7
PC:00000248	INSTR:1bd302a7	 BLEZ R30, 0xa9c                             
BLEZ R19, R30, 2a7

[58] I Type instr generated - 0x2ff104ef
PC:00000ce8	INSTR:2ff104ef	 SLTIU R17, R31, 0x4ef                             
SLTIU R17, R31, 4ef

[59] I Type instr generated - 0x651ff85 
PC:00000cec	INSTR:0651ff85	 BGEZAL R18, 0x3fe14                           
BGEZAL R17, R18, ffffff85

[60] I Type instr generated - 0x17760033
PC:00000b04	INSTR:17760033	 BNE R22, R27, 0xcc                              
BNE  R22, R27, 33

[61] I Type instr generated - 0x23009d36
PC:00000bd4	INSTR:23009d36	 ADDI R0 , R24, 0x9d36                            
ADDI R0, R24, ffff9d36

[62] I Type instr generated - 0x29f55522
PC:00000bd8	INSTR:29f55522	 SLTI R21, R15, 0x5522                            
SLTI R21, R15, 5522

[63] I Type instr generated - 0x3a9e42d9
PC:00000bdc	INSTR:3a9e42d9	 XORI R30, R20, 0x42d9                            
XORI R30, R20, 42d9

[64] I Type instr generated - 0x8ecc37cc
PC:00000be0	INSTR:8ecc37cc	 LW R12, R22, 0x37cc                            
LW   R12, R22, 37cc

[65] I Type instr generated - 0x2f449588
PC:00000be4	INSTR:2f449588	 SLTIU R4 , R26, 0xffff9588                        
SLTIU R4, R26, ffff9588

[66] I Type instr generated - 0x2012f560
PC:00000be8	INSTR:2012f560	 ADDI R18, R0 , 0xf560                            
ADDI R18, R0, fffff560

[67] I Type instr generated - 0x1e59ffd1
PC:00000bec	INSTR:1e59ffd1	 BGTZ R18, 0xffd1                            
BGTZ R25, R18, ffffffd1

[68] I Type instr generated - 0x336eeef8
PC:00000bf0	INSTR:336eeef8	 ANDI R14, R27, 0xeef8                            
ANDI R14, R27, eef8

[69] I Type instr generated - 0x1b8a005a
PC:00000bf4	INSTR:1b8a005a	 BLEZ R28, 0x168                             
BLEZ R10, R28, 5a

[70] I Type instr generated - 0x600fdbd 
PC:00000d60	INSTR:0600fdbd	 BLTZ R16, 0xfdbd                            
BLTZ R0, R16, fffffdbd

[71] I Type instr generated - 0x1acfffd9
PC:00000d64	INSTR:1acfffd9	 BLEZ R22, 0xffd9                            
BLEZ R15, R22, ffffffd9

[72] I Type instr generated - 0x7d0fe63 
PC:00000d68	INSTR:07d0fe63	 BLTZAL R30, 0xfe63                            
BLTZAL R16, R30, fffffe63

PC:00000d6c	INSTR:08000003	 J c       
[73] I Type instr generated - 0x2fd454f0
PC:0000000c	INSTR:2fd454f0	 SLTIU R20, R30, 0x54f0                            
SLTIU R20, R30, 54f0

[74] I Type instr generated - 0x26142d41
PC:00000010	INSTR:26142d41	 ADDIU R20, R16, 0x2d41                            
ADDIU R20, R16, 2d41

[75] I Type instr generated - 0x236b48b1
PC:00000014	INSTR:236b48b1	 ADDI R11, R27, 0x48b1                            
ADDI R11, R27, 48b1

[76] I Type instr generated - 0x39c2b6aa
PC:00000018	INSTR:39c2b6aa	 XORI R2 , R14, 0xb6aa                            
XORI R2, R14, b6aa

[77] I Type instr generated - 0x14020250
PC:0000001c	INSTR:14020250	 BNE R2 , R0 , 0x940                             
BNE  R2, R0, 250

[78] I Type instr generated - 0x1d2cfddd
PC:00000960	INSTR:1d2cfddd	 BGTZ R9 , 0x3f774                           
BGTZ R12, R9, fffffddd

PC:000000d8	INSTR:08000008	 J 20      
[79] I Type instr generated - 0x167901d7
PC:00000020	INSTR:167901d7	 BNE R25, R19, 0x75c                             
BNE  R25, R19, 1d7

[80] I Type instr generated - 0x3ada3321
PC:00000780	INSTR:3ada3321	 XORI R26, R22, 0x3321                            
XORI R26, R22, 3321

[81] I Type instr generated - 0x199eff6e
PC:00000784	INSTR:199eff6e	 BLEZ R12, 0x3fdb8                           
BLEZ R30, R12, ffffff6e

[82] I Type instr generated - 0x780016f 
PC:00000540	INSTR:0780016f	 BLTZ R28, 0x16f                             
BLTZ R0, R28, 16f

[83] I Type instr generated - 0x1bcbffcb
PC:00000544	INSTR:1bcbffcb	 BLEZ R30, 0xffcb                            
BLEZ R11, R30, ffffffcb

[84] I Type instr generated - 0x217098f7
PC:00000548	INSTR:217098f7	 ADDI R16, R11, 0x98f7                            
ADDI R16, R11, ffff98f7

[85] I Type instr generated - 0x37d5d2f6
PC:0000054c	INSTR:37d5d2f6	 ORI R21, R30, 0xd2f6                            
ORI  R21, R30, d2f6

[86] I Type instr generated - 0x3635b156
PC:00000550	INSTR:3635b156	 ORI R21, R17, 0xb156                            
ORI  R21, R17, b156

[87] I Type instr generated - 0x4e101dd 
PC:00000554	INSTR:04e101dd	 BGEZ R7 , 0x774                             
BGEZ R1, R7, 1dd

[88] I Type instr generated - 0xadcde820
PC:00000ccc	INSTR:adcde820	 SW R13, R14, 0xffffe820                        
SW   R13, R14, ffffe820

[89] I Type instr generated - 0x581ff50 
PC:00000cd0	INSTR:0581ff50	 BGEZ R12, 0xff50                            
BGEZ R1, R12, ffffff50

[90] I Type instr generated - 0x7f0fdc3 
PC:00000cd4	INSTR:07f0fdc3	 BLTZAL R31, 0xfdc3                            
BLTZAL R16, R31, fffffdc3

[91] I Type instr generated - 0x341fb2c5
PC:00000cd8	INSTR:341fb2c5	 ORI R31, R0 , 0xb2c5                            
ORI  R31, R0, b2c5

[92] I Type instr generated - 0x31d7473d
PC:00000cdc	INSTR:31d7473d	 ANDI R23, R14, 0x473d                            
ANDI R23, R14, 473d

[93] I Type instr generated - 0x3138e1e8
PC:00000ce0	INSTR:3138e1e8	 ANDI R24, R9 , 0xe1e8                            
ANDI R24, R9, e1e8

PC:00000ce4	INSTR:08000009	 J 24      
[94] I Type instr generated - 0x20331a6e
PC:00000024	INSTR:20331a6e	 ADDI R19, R1 , 0x1a6e                            
ADDI R19, R1, 1a6e

[95] I Type instr generated - 0xadfe4fd6
PC:00000028	INSTR:adfe4fd6	 SW R30, R15, 0x4fd6                            
SW   R30, R15, 4fd6

[96] I Type instr generated - 0xada96981
PC:0000002c	INSTR:ada96981	 SW R9 , R13, 0x6981                            
SW   R9, R13, 6981

[97] I Type instr generated - 0x72001e1 
PC:00000030	INSTR:072001e1	 BLTZ R25, 0x1e1                             
BLTZ R0, R25, 1e1

[98] I Type instr generated - 0x2af37e9e
PC:00000034	INSTR:2af37e9e	 SLTI R19, R23, 0x7e9e                            
SLTI R19, R23, 7e9e

[99] I Type instr generated - 0x43101a9 
PC:00000038	INSTR:043101a9	 BGEZAL R1 , 0x1a9                             
BGEZAL R17, R1, 1a9

PC:0000003c	INSTR:2402000a	 ADDIU R2 , R0 , 0xa                               
PC:00000040	INSTR:0000000c	 SYSCALL
