Generating the hex for the following set of instructions
	  25 - R-Type instructions
	   0 - I-Type instructions
	   0 - J-Type instructions

[0] R Type instr generated - 0x3ea6465	
PC:00000000	INSTR:03ea6465	 OR R12, R31, R10
OR   R12, R31, R10

[1] R Type instr generated - 0x172deab	
PC:00000004	INSTR:0172deab	 SLTU R27, R11, R18
SLTU R27, R11, R18

[2] R Type instr generated - 0x31b4522	
PC:00000008	INSTR:031b4522	 SUB R8 , R24, R27
SUB  R8, R24, R27

[3] R Type instr generated - 0x34e1da7	
PC:0000000c	INSTR:034e1da7	 NOR R3 , R26, R14
NOR  R3, R26, R14

[4] R Type instr generated - 0x1b78ca1	
PC:00000010	INSTR:01b78ca1	 ADDU R17, R13, R23
ADDU R17, R13, R23

[5] R Type instr generated - 0x2f84963	
PC:00000014	INSTR:02f84963	 SUBU R9 , R23, R24
SUBU R9, R23, R24

[6] R Type instr generated - 0x374a1a1	
PC:00000018	INSTR:0374a1a1	 ADDU R20, R27, R20
ADDU R20, R27, R20

[7] R Type instr generated - 0x28108a3	
PC:0000001c	INSTR:028108a3	 SUBU R1 , R20, R1 
SUBU R1, R20, R1

[8] R Type instr generated - 0x209f1e2	
PC:00000020	INSTR:0209f1e2	 SUB R30, R16, R9 
SUB  R30, R16, R9

[9] R Type instr generated - 0x387f063	
PC:00000024	INSTR:0387f063	 SUBU R30, R28, R7 
SUBU R30, R28, R7

[10] R Type instr generated - 0x15c5de7	
PC:00000028	INSTR:015c5de7	 NOR R11, R10, R28
NOR  R11, R10, R28

[11] R Type instr generated - 0x190daa6	
PC:0000002c	INSTR:0190daa6	 XOR R27, R12, R16
XOR  R27, R12, R16

[12] R Type instr generated - 0x31be32b	
PC:00000030	INSTR:031be32b	 SLTU R28, R24, R27
SLTU R28, R24, R27

[13] R Type instr generated - 0x37a50ea	
PC:00000034	INSTR:037a50ea	 SLT R10, R27, R26
SLT  R10, R27, R26

[14] R Type instr generated - 0x0bce182	
PC:00000038	INSTR:00bce182	 SRL R28, R5 , R28
SRL  R28, R5, R28

[15] R Type instr generated - 0x368cf22	
PC:0000003c	INSTR:0368cf22	 SUB R25, R27, R8 
SUB  R25, R27, R8

[16] R Type instr generated - 0x1719c65	
PC:00000040	INSTR:01719c65	 OR R19, R11, R17
OR   R19, R11, R17

[17] R Type instr generated - 0x0090dea	
PC:00000044	INSTR:00090dea	 SLT R1 , R0 , R9 
SLT  R1, R0, R9

[18] R Type instr generated - 0x16b82a6	
PC:00000048	INSTR:016b82a6	 XOR R16, R11, R11
XOR  R16, R11, R11

[19] R Type instr generated - 0x3e3f760	
PC:0000004c	INSTR:03e3f760	 ADD R30, R31, R3 
ADD  R30, R31, R3

[20] R Type instr generated - 0x085a6e1	
PC:00000050	INSTR:0085a6e1	 ADDU R20, R4 , R5 
ADDU R20, R4, R5

[21] R Type instr generated - 0x37020c0	
PC:00000054	INSTR:037020c0	 SLL R4 , R27, R16
SLL  R4, R27, R16

[22] R Type instr generated - 0x20fdee5	
PC:00000058	INSTR:020fdee5	 OR R27, R16, R15
OR   R27, R16, R15

[23] R Type instr generated - 0x0f5e222	
PC:0000005c	INSTR:00f5e222	 SUB R28, R7 , R21
SUB  R28, R7, R21

[24] R Type instr generated - 0x37daea4	
PC:00000060	INSTR:037daea4	 AND R21, R27, R29
AND  R21, R27, R29

PC:00000064	INSTR:2402000a	 ADDIU R2 , R0 , 0xa                               
PC:00000068	INSTR:0000000c	 SYSCALL
